Archive member included because of file (symbol)

../../BSP/Debug\libBSP.a(rtc.o)
                              ./lab11.o (rtc_init)
../../BSP/Debug\libBSP.a(system.o)
                              ./lab11.o (sys_init)
../../BSP/Debug\libBSP.a(uart.o)
                              ./lab11.o (uart0_init)

Memory Configuration

Name             Origin             Length             Attributes
*default*        0x00000000         0xffffffff

Linker script and memory map

LOAD ./bootloader.o
LOAD ./lab11.o
LOAD ../../BSP/Debug\libBSP.a
START GROUP
LOAD c:/software/electronica/arm/eclipsearm/sourcery-g++-lite-arm-2011.03/bin/../lib/gcc/arm-none-eabi/4.5.2\libgcc.a
LOAD c:/software/electronica/arm/eclipsearm/sourcery-g++-lite-arm-2011.03/bin/../lib/gcc/arm-none-eabi/4.5.2/../../../../arm-none-eabi/lib\libc.a
END GROUP
                0x0c000000                . = 0xc000000
                0x0c000000                _image_start = .

.text           0x0c000000     0x28a0
 bootloader.o()
 .text          0x0c000000      0x584 bootloader.o
 .data          0x0c000584        0x0 bootloader.o
 .bss           0x0c000584        0x0 bootloader.o
 .ARM.attributes
                0x0c000584       0x22 bootloader.o
 .debug_line    0x0c0005a6       0xc6 bootloader.o
 .debug_info    0x0c00066c       0x54 bootloader.o
 .debug_abbrev  0x0c0006c0       0x14 bootloader.o
 *fill*         0x0c0006d4        0x4 00
 .debug_aranges
                0x0c0006d8       0x20 bootloader.o
 *(.text)
 .text          0x0c0006f8      0x584 ./bootloader.o
 .text          0x0c000c7c      0x240 ./lab11.o
                0x0c000c7c                main
                0x0c000e00                isr_tick
 .text          0x0c000ebc      0x934 ../../BSP/Debug\libBSP.a(rtc.o)
                0x0c000ebc                rtc_init
                0x0c001000                rtc_puttime
                0x0c0012b8                rtc_gettime
                0x0c001720                rtc_open
                0x0c00179c                rtc_close
 .text          0x0c0017f0      0xb20 ../../BSP/Debug\libBSP.a(system.o)
                0x0c0017f0                sys_init
                0x0c001d3c                isr_SWI_dummy
                0x0c001d68                isr_UNDEF_dummy
                0x0c001d94                isr_IRQ_dummy
                0x0c001dc0                isr_FIQ_dummy
                0x0c001dec                isr_PABORT_dummy
                0x0c001e18                isr_DABORT_dummy
                0x0c001e44                isr_ADC_dummy
                0x0c001e70                isr_RTC_dummy
                0x0c001e9c                isr_UTXD1_dummy
                0x0c001ec8                isr_UTXD0_dummy
                0x0c001ef4                isr_SIO_dummy
                0x0c001f20                isr_IIC_dummy
                0x0c001f4c                isr_URXD1_dummy
                0x0c001f78                isr_URXD0_dummy
                0x0c001fa4                isr_TIMER5_dummy
                0x0c001fd0                isr_TIMER4_dummy
                0x0c001ffc                isr_TIMER3_dummy
                0x0c002028                isr_TIMER2_dummy
                0x0c002054                isr_TIMER1_dummy
                0x0c002080                isr_TIMER0_dummy
                0x0c0020ac                isr_UERR01_dummy
                0x0c0020d8                isr_WDT_dummy
                0x0c002104                isr_BDMA1_dummy
                0x0c002130                isr_BDMA0_dummy
                0x0c00215c                isr_ZDMA1_dummy
                0x0c002188                isr_ZDMA0_dummy
                0x0c0021b4                isr_TICK_dummy
                0x0c0021e0                isr_PB_dummy
                0x0c00220c                isr_ETHERNET_dummy
                0x0c002238                isr_TS_dummy
                0x0c002264                isr_KEYPAD_dummy
                0x0c002290                isr_USB_dummy
                0x0c0022e0                sleep
 .text          0x0c002310      0x590 ../../BSP/Debug\libBSP.a(uart.o)
                0x0c002310                uart0_init
                0x0c002374                uart0_putchar
                0x0c0023c4                uart0_getchar
                0x0c00240c                uart0_puts
                0x0c00245c                uart0_putint
                0x0c002568                uart0_puthex
                0x0c002620                uart0_gets
                0x0c00268c                uart0_getint
                0x0c002760                uart0_gethex

.glue_7         0x0c0028a0        0x0
 .glue_7        0x00000000        0x0 linker stubs

.glue_7t        0x0c0028a0        0x0
 .glue_7t       0x00000000        0x0 linker stubs

.vfp11_veneer   0x0c0028a0        0x0
 .vfp11_veneer  0x00000000        0x0 linker stubs

.v4_bx          0x0c0028a0        0x0
 .v4_bx         0x00000000        0x0 linker stubs

.rodata         0x0c0028a0      0x6b4
 *(.rodata)
 .rodata        0x0c0028a0       0xbc ./lab11.o
 .rodata        0x0c00295c      0x5f8 ../../BSP/Debug\libBSP.a(system.o)

.data           0x0c002f54        0x0
 *(.data)
 .data          0x0c002f54        0x0 ./bootloader.o
 .data          0x0c002f54        0x0 ./lab11.o
 .data          0x0c002f54        0x0 ../../BSP/Debug\libBSP.a(rtc.o)
 .data          0x0c002f54        0x0 ../../BSP/Debug\libBSP.a(system.o)
 .data          0x0c002f54        0x0 ../../BSP/Debug\libBSP.a(uart.o)

.bss            0x0c002f54        0x0
 *(.bss)
 .bss           0x0c002f54        0x0 ./bootloader.o
 .bss           0x0c002f54        0x0 ./lab11.o
 .bss           0x0c002f54        0x0 ../../BSP/Debug\libBSP.a(rtc.o)
 .bss           0x0c002f54        0x0 ../../BSP/Debug\libBSP.a(system.o)
 .bss           0x0c002f54        0x0 ../../BSP/Debug\libBSP.a(uart.o)
                0x0c002f54                _image_end = .
                0x0c002f54                end = .
OUTPUT(lab11.elf elf32-littlearm)

.ARM.attributes
                0x00000000       0x2e
 .ARM.attributes
                0x00000000       0x22 ./bootloader.o
 .ARM.attributes
                0x00000022       0x32 ./lab11.o
 .ARM.attributes
                0x00000054       0x32 ../../BSP/Debug\libBSP.a(rtc.o)
 .ARM.attributes
                0x00000086       0x32 ../../BSP/Debug\libBSP.a(system.o)
 .ARM.attributes
                0x000000b8       0x32 ../../BSP/Debug\libBSP.a(uart.o)

.comment        0x00000000       0x2a
 .comment       0x00000000       0x2a ./lab11.o
                                 0x2b (size before relaxing)
 .comment       0x00000000       0x2b ../../BSP/Debug\libBSP.a(rtc.o)
 .comment       0x00000000       0x2b ../../BSP/Debug\libBSP.a(system.o)
 .comment       0x00000000       0x2b ../../BSP/Debug\libBSP.a(uart.o)

.debug_line     0x00000000      0x76b
 .debug_line    0x00000000       0xc6 ./bootloader.o
 .debug_line    0x000000c6       0xc1 ./lab11.o
 .debug_line    0x00000187       0xec ../../BSP/Debug\libBSP.a(rtc.o)
 .debug_line    0x00000273      0x1ef ../../BSP/Debug\libBSP.a(system.o)
 .debug_line    0x00000462      0x309 ../../BSP/Debug\libBSP.a(uart.o)

.debug_info     0x00000000      0x97a
 .debug_info    0x00000000       0x54 ./bootloader.o
 .debug_info    0x00000054      0x13a ./lab11.o
 .debug_info    0x0000018e      0x1ac ../../BSP/Debug\libBSP.a(rtc.o)
 .debug_info    0x0000033a      0x38f ../../BSP/Debug\libBSP.a(system.o)
 .debug_info    0x000006c9      0x2b1 ../../BSP/Debug\libBSP.a(uart.o)

.debug_abbrev   0x00000000      0x2ee
 .debug_abbrev  0x00000000       0x14 ./bootloader.o
 .debug_abbrev  0x00000014       0x9f ./lab11.o
 .debug_abbrev  0x000000b3       0xbe ../../BSP/Debug\libBSP.a(rtc.o)
 .debug_abbrev  0x00000171       0x89 ../../BSP/Debug\libBSP.a(system.o)
 .debug_abbrev  0x000001fa       0xf4 ../../BSP/Debug\libBSP.a(uart.o)

.debug_aranges  0x00000000       0xa0
 .debug_aranges
                0x00000000       0x20 ./bootloader.o
 .debug_aranges
                0x00000020       0x20 ./lab11.o
 .debug_aranges
                0x00000040       0x20 ../../BSP/Debug\libBSP.a(rtc.o)
 .debug_aranges
                0x00000060       0x20 ../../BSP/Debug\libBSP.a(system.o)
 .debug_aranges
                0x00000080       0x20 ../../BSP/Debug\libBSP.a(uart.o)

.debug_macinfo  0x00000000    0x134df
 .debug_macinfo
                0x00000000     0x49c3 ./lab11.o
 .debug_macinfo
                0x000049c3     0x4c64 ../../BSP/Debug\libBSP.a(rtc.o)
 .debug_macinfo
                0x00009627     0x530a ../../BSP/Debug\libBSP.a(system.o)
 .debug_macinfo
                0x0000e931     0x4bae ../../BSP/Debug\libBSP.a(uart.o)

.debug_loc      0x00000000      0x91c
 .debug_loc     0x00000000       0x58 ./lab11.o
 .debug_loc     0x00000058       0xdc ../../BSP/Debug\libBSP.a(rtc.o)
 .debug_loc     0x00000134      0x65c ../../BSP/Debug\libBSP.a(system.o)
 .debug_loc     0x00000790      0x18c ../../BSP/Debug\libBSP.a(uart.o)

.debug_pubnames
                0x00000000      0x3c6
 .debug_pubnames
                0x00000000       0x28 ./lab11.o
 .debug_pubnames
                0x00000028       0x5a ../../BSP/Debug\libBSP.a(rtc.o)
 .debug_pubnames
                0x00000082      0x29d ../../BSP/Debug\libBSP.a(system.o)
 .debug_pubnames
                0x0000031f       0xa7 ../../BSP/Debug\libBSP.a(uart.o)

.debug_pubtypes
                0x00000000       0xd9
 .debug_pubtypes
                0x00000000       0x36 ./lab11.o
 .debug_pubtypes
                0x00000036       0x36 ../../BSP/Debug\libBSP.a(rtc.o)
 .debug_pubtypes
                0x0000006c       0x27 ../../BSP/Debug\libBSP.a(system.o)
 .debug_pubtypes
                0x00000093       0x46 ../../BSP/Debug\libBSP.a(uart.o)

.debug_str      0x00000000      0x401
 .debug_str     0x00000000       0xc3 ./lab11.o
                                 0xdc (size before relaxing)
 .debug_str     0x000000c3       0x63 ../../BSP/Debug\libBSP.a(rtc.o)
                                0x10d (size before relaxing)
 .debug_str     0x00000126      0x23d ../../BSP/Debug\libBSP.a(system.o)
                                0x2d6 (size before relaxing)
 .debug_str     0x00000363       0x9e ../../BSP/Debug\libBSP.a(uart.o)
                                0x147 (size before relaxing)

.debug_frame    0x00000000      0x86c
 .debug_frame   0x00000000       0x5c ./lab11.o
 .debug_frame   0x0000005c       0xb0 ../../BSP/Debug\libBSP.a(rtc.o)
 .debug_frame   0x0000010c      0x630 ../../BSP/Debug\libBSP.a(system.o)
 .debug_frame   0x0000073c      0x130 ../../BSP/Debug\libBSP.a(uart.o)
