Archive member included because of file (symbol)

../../BSP/Debug\libBSP.a(rtc.o)
                              ./lab5.o (rtc_init)
../../BSP/Debug\libBSP.a(system.o)
                              ./lab5.o (sys_init)
../../BSP/Debug\libBSP.a(uart.o)
                              ./lab5.o (uart0_init)

Memory Configuration

Name             Origin             Length             Attributes
*default*        0x00000000         0xffffffff

Linker script and memory map

LOAD ./lab5.o
LOAD ../../BSP/Debug\libBSP.a
START GROUP
LOAD c:/software/electronica/arm/eclipsearm/sourcery-g++-lite-arm-2011.03/bin/../lib/gcc/arm-none-eabi/4.5.2\libgcc.a
LOAD c:/software/electronica/arm/eclipsearm/sourcery-g++-lite-arm-2011.03/bin/../lib/gcc/arm-none-eabi/4.5.2/../../../../arm-none-eabi/lib\libc.a
END GROUP
                0x0c100000                . = 0xc100000

.text           0x0c100000     0x1c24
 *(.text)
 .text          0x0c100000      0x240 ./lab5.o
                0x0c100000                main
                0x0c100184                isr_tick
 .text          0x0c100240      0x934 ../../BSP/Debug\libBSP.a(rtc.o)
                0x0c100240                rtc_init
                0x0c100384                rtc_puttime
                0x0c10063c                rtc_gettime
                0x0c100aa4                rtc_open
                0x0c100b20                rtc_close
 .text          0x0c100b74      0xb20 ../../BSP/Debug\libBSP.a(system.o)
                0x0c100b74                sys_init
                0x0c1010c0                isr_SWI_dummy
                0x0c1010ec                isr_UNDEF_dummy
                0x0c101118                isr_IRQ_dummy
                0x0c101144                isr_FIQ_dummy
                0x0c101170                isr_PABORT_dummy
                0x0c10119c                isr_DABORT_dummy
                0x0c1011c8                isr_ADC_dummy
                0x0c1011f4                isr_RTC_dummy
                0x0c101220                isr_UTXD1_dummy
                0x0c10124c                isr_UTXD0_dummy
                0x0c101278                isr_SIO_dummy
                0x0c1012a4                isr_IIC_dummy
                0x0c1012d0                isr_URXD1_dummy
                0x0c1012fc                isr_URXD0_dummy
                0x0c101328                isr_TIMER5_dummy
                0x0c101354                isr_TIMER4_dummy
                0x0c101380                isr_TIMER3_dummy
                0x0c1013ac                isr_TIMER2_dummy
                0x0c1013d8                isr_TIMER1_dummy
                0x0c101404                isr_TIMER0_dummy
                0x0c101430                isr_UERR01_dummy
                0x0c10145c                isr_WDT_dummy
                0x0c101488                isr_BDMA1_dummy
                0x0c1014b4                isr_BDMA0_dummy
                0x0c1014e0                isr_ZDMA1_dummy
                0x0c10150c                isr_ZDMA0_dummy
                0x0c101538                isr_TICK_dummy
                0x0c101564                isr_PB_dummy
                0x0c101590                isr_ETHERNET_dummy
                0x0c1015bc                isr_TS_dummy
                0x0c1015e8                isr_KEYPAD_dummy
                0x0c101614                isr_USB_dummy
                0x0c101664                sleep
 .text          0x0c101694      0x590 ../../BSP/Debug\libBSP.a(uart.o)
                0x0c101694                uart0_init
                0x0c1016f8                uart0_putchar
                0x0c101748                uart0_getchar
                0x0c101790                uart0_puts
                0x0c1017e0                uart0_putint
                0x0c1018ec                uart0_puthex
                0x0c1019a4                uart0_gets
                0x0c101a10                uart0_getint
                0x0c101ae4                uart0_gethex

.glue_7         0x0c101c24        0x0
 .glue_7        0x00000000        0x0 linker stubs

.glue_7t        0x0c101c24        0x0
 .glue_7t       0x00000000        0x0 linker stubs

.vfp11_veneer   0x0c101c24        0x0
 .vfp11_veneer  0x00000000        0x0 linker stubs

.v4_bx          0x0c101c24        0x0
 .v4_bx         0x00000000        0x0 linker stubs

.rodata         0x0c101c24      0x6b4
 *(.rodata)
 .rodata        0x0c101c24       0xbc ./lab5.o
 .rodata        0x0c101ce0      0x5f8 ../../BSP/Debug\libBSP.a(system.o)

.data           0x0c1022d8        0x0
 *(.data)
 .data          0x0c1022d8        0x0 ./lab5.o
 .data          0x0c1022d8        0x0 ../../BSP/Debug\libBSP.a(rtc.o)
 .data          0x0c1022d8        0x0 ../../BSP/Debug\libBSP.a(system.o)
 .data          0x0c1022d8        0x0 ../../BSP/Debug\libBSP.a(uart.o)

.bss            0x0c1022d8        0x0
 *(.bss)
 .bss           0x0c1022d8        0x0 ./lab5.o
 .bss           0x0c1022d8        0x0 ../../BSP/Debug\libBSP.a(rtc.o)
 .bss           0x0c1022d8        0x0 ../../BSP/Debug\libBSP.a(system.o)
 .bss           0x0c1022d8        0x0 ../../BSP/Debug\libBSP.a(uart.o)
                0x0c1022d8                end = .
OUTPUT(lab5.elf elf32-littlearm)

.debug_abbrev   0x00000000      0x2da
 .debug_abbrev  0x00000000       0x9f ./lab5.o
 .debug_abbrev  0x0000009f       0xbe ../../BSP/Debug\libBSP.a(rtc.o)
 .debug_abbrev  0x0000015d       0x89 ../../BSP/Debug\libBSP.a(system.o)
 .debug_abbrev  0x000001e6       0xf4 ../../BSP/Debug\libBSP.a(uart.o)

.debug_info     0x00000000      0x926
 .debug_info    0x00000000      0x13a ./lab5.o
 .debug_info    0x0000013a      0x1ac ../../BSP/Debug\libBSP.a(rtc.o)
 .debug_info    0x000002e6      0x38f ../../BSP/Debug\libBSP.a(system.o)
 .debug_info    0x00000675      0x2b1 ../../BSP/Debug\libBSP.a(uart.o)

.debug_line     0x00000000      0x6a4
 .debug_line    0x00000000       0xc0 ./lab5.o
 .debug_line    0x000000c0       0xec ../../BSP/Debug\libBSP.a(rtc.o)
 .debug_line    0x000001ac      0x1ef ../../BSP/Debug\libBSP.a(system.o)
 .debug_line    0x0000039b      0x309 ../../BSP/Debug\libBSP.a(uart.o)

.debug_macinfo  0x00000000    0x134df
 .debug_macinfo
                0x00000000     0x49c3 ./lab5.o
 .debug_macinfo
                0x000049c3     0x4c64 ../../BSP/Debug\libBSP.a(rtc.o)
 .debug_macinfo
                0x00009627     0x530a ../../BSP/Debug\libBSP.a(system.o)
 .debug_macinfo
                0x0000e931     0x4bae ../../BSP/Debug\libBSP.a(uart.o)

.debug_loc      0x00000000      0x91c
 .debug_loc     0x00000000       0x58 ./lab5.o
 .debug_loc     0x00000058       0xdc ../../BSP/Debug\libBSP.a(rtc.o)
 .debug_loc     0x00000134      0x65c ../../BSP/Debug\libBSP.a(system.o)
 .debug_loc     0x00000790      0x18c ../../BSP/Debug\libBSP.a(uart.o)

.debug_pubnames
                0x00000000      0x3c6
 .debug_pubnames
                0x00000000       0x28 ./lab5.o
 .debug_pubnames
                0x00000028       0x5a ../../BSP/Debug\libBSP.a(rtc.o)
 .debug_pubnames
                0x00000082      0x29d ../../BSP/Debug\libBSP.a(system.o)
 .debug_pubnames
                0x0000031f       0xa7 ../../BSP/Debug\libBSP.a(uart.o)

.debug_pubtypes
                0x00000000       0xd9
 .debug_pubtypes
                0x00000000       0x36 ./lab5.o
 .debug_pubtypes
                0x00000036       0x36 ../../BSP/Debug\libBSP.a(rtc.o)
 .debug_pubtypes
                0x0000006c       0x27 ../../BSP/Debug\libBSP.a(system.o)
 .debug_pubtypes
                0x00000093       0x46 ../../BSP/Debug\libBSP.a(uart.o)

.debug_aranges  0x00000000       0x80
 .debug_aranges
                0x00000000       0x20 ./lab5.o
 .debug_aranges
                0x00000020       0x20 ../../BSP/Debug\libBSP.a(rtc.o)
 .debug_aranges
                0x00000040       0x20 ../../BSP/Debug\libBSP.a(system.o)
 .debug_aranges
                0x00000060       0x20 ../../BSP/Debug\libBSP.a(uart.o)

.debug_str      0x00000000      0x3ff
 .debug_str     0x00000000       0xc1 ./lab5.o
                                 0xda (size before relaxing)
 .debug_str     0x000000c1       0x63 ../../BSP/Debug\libBSP.a(rtc.o)
                                0x10d (size before relaxing)
 .debug_str     0x00000124      0x23d ../../BSP/Debug\libBSP.a(system.o)
                                0x2d6 (size before relaxing)
 .debug_str     0x00000361       0x9e ../../BSP/Debug\libBSP.a(uart.o)
                                0x147 (size before relaxing)

.comment        0x00000000       0x2a
 .comment       0x00000000       0x2a ./lab5.o
                                 0x2b (size before relaxing)
 .comment       0x00000000       0x2b ../../BSP/Debug\libBSP.a(rtc.o)
 .comment       0x00000000       0x2b ../../BSP/Debug\libBSP.a(system.o)
 .comment       0x00000000       0x2b ../../BSP/Debug\libBSP.a(uart.o)

.ARM.attributes
                0x00000000       0x32
 .ARM.attributes
                0x00000000       0x32 ./lab5.o
 .ARM.attributes
                0x00000032       0x32 ../../BSP/Debug\libBSP.a(rtc.o)
 .ARM.attributes
                0x00000064       0x32 ../../BSP/Debug\libBSP.a(system.o)
 .ARM.attributes
                0x00000096       0x32 ../../BSP/Debug\libBSP.a(uart.o)

.debug_frame    0x00000000      0x86c
 .debug_frame   0x00000000       0x5c ./lab5.o
 .debug_frame   0x0000005c       0xb0 ../../BSP/Debug\libBSP.a(rtc.o)
 .debug_frame   0x0000010c      0x630 ../../BSP/Debug\libBSP.a(system.o)
 .debug_frame   0x0000073c      0x130 ../../BSP/Debug\libBSP.a(uart.o)
