Archive member included because of file (symbol)

../../BSP/Debug\libBSP.a(keypad.o)
                              ./lab6.o (keypad_init)
../../BSP/Debug\libBSP.a(pbs.o)
                              ./lab6.o (pbs_init)
../../BSP/Debug\libBSP.a(system.o)
                              ./lab6.o (sys_init)
../../BSP/Debug\libBSP.a(timers.o)
                              ../../BSP/Debug\libBSP.a(pbs.o) (timers_init)
../../BSP/Debug\libBSP.a(uart.o)
                              ./lab6.o (uart0_init)
c:/software/electronica/arm/eclipsearm/sourcery-g++-lite-arm-2011.03/bin/../lib/gcc/arm-none-eabi/4.5.2\libgcc.a(_udivsi3.o)
                              ../../BSP/Debug\libBSP.a(timers.o) (__aeabi_uidiv)
c:/software/electronica/arm/eclipsearm/sourcery-g++-lite-arm-2011.03/bin/../lib/gcc/arm-none-eabi/4.5.2\libgcc.a(_dvmd_tls.o)
                              c:/software/electronica/arm/eclipsearm/sourcery-g++-lite-arm-2011.03/bin/../lib/gcc/arm-none-eabi/4.5.2\libgcc.a(_udivsi3.o) (__aeabi_idiv0)
c:/software/electronica/arm/eclipsearm/sourcery-g++-lite-arm-2011.03/bin/../lib/gcc/arm-none-eabi/4.5.2\libgcc.a(_aeabi_uldivmod.o)
                              ../../BSP/Debug\libBSP.a(timers.o) (__aeabi_uldivmod)
c:/software/electronica/arm/eclipsearm/sourcery-g++-lite-arm-2011.03/bin/../lib/gcc/arm-none-eabi/4.5.2\libgcc.a(bpabi.o)
                              c:/software/electronica/arm/eclipsearm/sourcery-g++-lite-arm-2011.03/bin/../lib/gcc/arm-none-eabi/4.5.2\libgcc.a(_aeabi_uldivmod.o) (__gnu_uldivmod_helper)
c:/software/electronica/arm/eclipsearm/sourcery-g++-lite-arm-2011.03/bin/../lib/gcc/arm-none-eabi/4.5.2\libgcc.a(_divdi3.o)
                              c:/software/electronica/arm/eclipsearm/sourcery-g++-lite-arm-2011.03/bin/../lib/gcc/arm-none-eabi/4.5.2\libgcc.a(bpabi.o) (__divdi3)
c:/software/electronica/arm/eclipsearm/sourcery-g++-lite-arm-2011.03/bin/../lib/gcc/arm-none-eabi/4.5.2\libgcc.a(_udivdi3.o)
                              c:/software/electronica/arm/eclipsearm/sourcery-g++-lite-arm-2011.03/bin/../lib/gcc/arm-none-eabi/4.5.2\libgcc.a(bpabi.o) (__udivdi3)
c:/software/electronica/arm/eclipsearm/sourcery-g++-lite-arm-2011.03/bin/../lib/gcc/arm-none-eabi/4.5.2\libgcc.a(_clzsi2.o)
                              c:/software/electronica/arm/eclipsearm/sourcery-g++-lite-arm-2011.03/bin/../lib/gcc/arm-none-eabi/4.5.2\libgcc.a(_divdi3.o) (__clzsi2)

Memory Configuration

Name             Origin             Length             Attributes
*default*        0x00000000         0xffffffff

Linker script and memory map

LOAD ./lab6.o
LOAD ../../BSP/Debug\libBSP.a
START GROUP
LOAD c:/software/electronica/arm/eclipsearm/sourcery-g++-lite-arm-2011.03/bin/../lib/gcc/arm-none-eabi/4.5.2\libgcc.a
LOAD c:/software/electronica/arm/eclipsearm/sourcery-g++-lite-arm-2011.03/bin/../lib/gcc/arm-none-eabi/4.5.2/../../../../arm-none-eabi/lib\libc.a
END GROUP
                0x0c100000                . = 0xc100000

.text           0x0c100000     0x3450
 *(.text)
 .text          0x0c100000      0x2a4 ./lab6.o
                0x0c100000                main
                0x0c1000e4                isr_keypad
                0x0c1001a0                isr_pb
 .text          0x0c1002a4      0x688 ../../BSP/Debug\libBSP.a(keypad.o)
                0x0c1002a4                keypad_init
                0x0c1002d8                keypad_scan
                0x0c1004fc                keypad_status
                0x0c100544                keypad_wait_keydown
                0x0c1005c8                keypad_wait_keyup
                0x0c10064c                keypad_wait_any_keydown
                0x0c100688                keypad_wait_any_keyup
                0x0c1006dc                keypad_getchar
                0x0c100750                keypad_getchartime
                0x0c1007f8                keypad_timeout_getchar
                0x0c100898                keypad_open
                0x0c1008f0                keypad_close
 .text          0x0c10092c      0x4f4 ../../BSP/Debug\libBSP.a(pbs.o)
                0x0c10092c                pbs_init
                0x0c100948                pb_scan
                0x0c1009a0                pb_status
                0x0c1009f0                pb_wait_keydown
                0x0c100a3c                pb_wait_keyup
                0x0c100a94                pb_wait_any_keydown
                0x0c100ae4                pb_wait_any_keyup
                0x0c100b60                pb_getchar
                0x0c100bec                pb_getchartime
                0x0c100cac                pb_timeout_getchar
                0x0c100d74                pbs_open
                0x0c100ddc                pbs_close
 .text          0x0c100e20      0xb20 ../../BSP/Debug\libBSP.a(system.o)
                0x0c100e20                sys_init
                0x0c10136c                isr_SWI_dummy
                0x0c101398                isr_UNDEF_dummy
                0x0c1013c4                isr_IRQ_dummy
                0x0c1013f0                isr_FIQ_dummy
                0x0c10141c                isr_PABORT_dummy
                0x0c101448                isr_DABORT_dummy
                0x0c101474                isr_ADC_dummy
                0x0c1014a0                isr_RTC_dummy
                0x0c1014cc                isr_UTXD1_dummy
                0x0c1014f8                isr_UTXD0_dummy
                0x0c101524                isr_SIO_dummy
                0x0c101550                isr_IIC_dummy
                0x0c10157c                isr_URXD1_dummy
                0x0c1015a8                isr_URXD0_dummy
                0x0c1015d4                isr_TIMER5_dummy
                0x0c101600                isr_TIMER4_dummy
                0x0c10162c                isr_TIMER3_dummy
                0x0c101658                isr_TIMER2_dummy
                0x0c101684                isr_TIMER1_dummy
                0x0c1016b0                isr_TIMER0_dummy
                0x0c1016dc                isr_UERR01_dummy
                0x0c101708                isr_WDT_dummy
                0x0c101734                isr_BDMA1_dummy
                0x0c101760                isr_BDMA0_dummy
                0x0c10178c                isr_ZDMA1_dummy
                0x0c1017b8                isr_ZDMA0_dummy
                0x0c1017e4                isr_TICK_dummy
                0x0c101810                isr_PB_dummy
                0x0c10183c                isr_ETHERNET_dummy
                0x0c101868                isr_TS_dummy
                0x0c101894                isr_KEYPAD_dummy
                0x0c1018c0                isr_USB_dummy
                0x0c101910                sleep
 .text          0x0c101940      0xa88 ../../BSP/Debug\libBSP.a(timers.o)
                0x0c101940                timers_init
                0x0c101b18                timer3_delay_ms
                0x0c101b68                sw_delay_ms
                0x0c101bc0                timer3_delay_s
                0x0c101c10                sw_delay_s
                0x0c101c68                timer3_start
                0x0c101d18                timer3_stop
                0x0c101d6c                timer3_start_timeout
                0x0c101e24                timer3_timeout
                0x0c101e60                timer0_open_tick
                0x0c1020a0                timer0_open_ms
                0x0c1021ac                timer0_close
                0x0c102244                wait_for_1s
                0x0c102308                wait_for_1ms
 .text          0x0c1023c8      0x590 ../../BSP/Debug\libBSP.a(uart.o)
                0x0c1023c8                uart0_init
                0x0c10242c                uart0_putchar
                0x0c10247c                uart0_getchar
                0x0c1024c4                uart0_puts
                0x0c102514                uart0_putint
                0x0c102620                uart0_puthex
                0x0c1026d8                uart0_gets
                0x0c102744                uart0_getint
                0x0c102818                uart0_gethex
 .text          0x0c102958      0x114 c:/software/electronica/arm/eclipsearm/sourcery-g++-lite-arm-2011.03/bin/../lib/gcc/arm-none-eabi/4.5.2\libgcc.a(_udivsi3.o)
                0x0c102958                __aeabi_uidiv
                0x0c102958                __udivsi3
                0x0c102a4c                __aeabi_uidivmod
 .text          0x0c102a6c        0x4 c:/software/electronica/arm/eclipsearm/sourcery-g++-lite-arm-2011.03/bin/../lib/gcc/arm-none-eabi/4.5.2\libgcc.a(_dvmd_tls.o)
                0x0c102a6c                __aeabi_idiv0
                0x0c102a6c                __aeabi_ldiv0
 .text          0x0c102a70       0x3c c:/software/electronica/arm/eclipsearm/sourcery-g++-lite-arm-2011.03/bin/../lib/gcc/arm-none-eabi/4.5.2\libgcc.a(_aeabi_uldivmod.o)
                0x0c102a70                __aeabi_uldivmod
 .text          0x0c102aac       0x80 c:/software/electronica/arm/eclipsearm/sourcery-g++-lite-arm-2011.03/bin/../lib/gcc/arm-none-eabi/4.5.2\libgcc.a(bpabi.o)
                0x0c102aac                __gnu_ldivmod_helper
                0x0c102aec                __gnu_uldivmod_helper
 .text          0x0c102b2c      0x4a8 c:/software/electronica/arm/eclipsearm/sourcery-g++-lite-arm-2011.03/bin/../lib/gcc/arm-none-eabi/4.5.2\libgcc.a(_divdi3.o)
                0x0c102b2c                __divdi3
 .text          0x0c102fd4      0x434 c:/software/electronica/arm/eclipsearm/sourcery-g++-lite-arm-2011.03/bin/../lib/gcc/arm-none-eabi/4.5.2\libgcc.a(_udivdi3.o)
                0x0c102fd4                __udivdi3
 .text          0x0c103408       0x48 c:/software/electronica/arm/eclipsearm/sourcery-g++-lite-arm-2011.03/bin/../lib/gcc/arm-none-eabi/4.5.2\libgcc.a(_clzsi2.o)
                0x0c103408                __clzsi2

.glue_7         0x0c103450        0x0
 .glue_7        0x00000000        0x0 linker stubs

.glue_7t        0x0c103450        0x0
 .glue_7t       0x00000000        0x0 linker stubs

.vfp11_veneer   0x0c103450        0x0
 .vfp11_veneer  0x00000000        0x0 linker stubs

.v4_bx          0x0c103450        0x0
 .v4_bx         0x00000000        0x0 linker stubs

.rodata         0x0c103450      0x780
 *(.rodata)
 .rodata        0x0c103450      0x188 ./lab6.o
 .rodata        0x0c1035d8      0x5f8 ../../BSP/Debug\libBSP.a(system.o)

.ARM.extab      0x0c103bd0        0x0
 .ARM.extab     0x0c103bd0        0x0 c:/software/electronica/arm/eclipsearm/sourcery-g++-lite-arm-2011.03/bin/../lib/gcc/arm-none-eabi/4.5.2\libgcc.a(_divdi3.o)
 .ARM.extab     0x0c103bd0        0x0 c:/software/electronica/arm/eclipsearm/sourcery-g++-lite-arm-2011.03/bin/../lib/gcc/arm-none-eabi/4.5.2\libgcc.a(_udivdi3.o)

.ARM.exidx      0x0c103bd0        0x8
 .ARM.exidx     0x0c103bd0        0x8 c:/software/electronica/arm/eclipsearm/sourcery-g++-lite-arm-2011.03/bin/../lib/gcc/arm-none-eabi/4.5.2\libgcc.a(_divdi3.o)
 .ARM.exidx     0x0c103bd8        0x0 c:/software/electronica/arm/eclipsearm/sourcery-g++-lite-arm-2011.03/bin/../lib/gcc/arm-none-eabi/4.5.2\libgcc.a(_udivdi3.o)
                                  0x8 (size before relaxing)

.data           0x0c103bd8        0x0
 *(.data)
 .data          0x0c103bd8        0x0 ./lab6.o
 .data          0x0c103bd8        0x0 ../../BSP/Debug\libBSP.a(keypad.o)
 .data          0x0c103bd8        0x0 ../../BSP/Debug\libBSP.a(pbs.o)
 .data          0x0c103bd8        0x0 ../../BSP/Debug\libBSP.a(system.o)
 .data          0x0c103bd8        0x0 ../../BSP/Debug\libBSP.a(timers.o)
 .data          0x0c103bd8        0x0 ../../BSP/Debug\libBSP.a(uart.o)
 .data          0x0c103bd8        0x0 c:/software/electronica/arm/eclipsearm/sourcery-g++-lite-arm-2011.03/bin/../lib/gcc/arm-none-eabi/4.5.2\libgcc.a(_udivsi3.o)
 .data          0x0c103bd8        0x0 c:/software/electronica/arm/eclipsearm/sourcery-g++-lite-arm-2011.03/bin/../lib/gcc/arm-none-eabi/4.5.2\libgcc.a(_dvmd_tls.o)
 .data          0x0c103bd8        0x0 c:/software/electronica/arm/eclipsearm/sourcery-g++-lite-arm-2011.03/bin/../lib/gcc/arm-none-eabi/4.5.2\libgcc.a(_aeabi_uldivmod.o)
 .data          0x0c103bd8        0x0 c:/software/electronica/arm/eclipsearm/sourcery-g++-lite-arm-2011.03/bin/../lib/gcc/arm-none-eabi/4.5.2\libgcc.a(bpabi.o)
 .data          0x0c103bd8        0x0 c:/software/electronica/arm/eclipsearm/sourcery-g++-lite-arm-2011.03/bin/../lib/gcc/arm-none-eabi/4.5.2\libgcc.a(_divdi3.o)
 .data          0x0c103bd8        0x0 c:/software/electronica/arm/eclipsearm/sourcery-g++-lite-arm-2011.03/bin/../lib/gcc/arm-none-eabi/4.5.2\libgcc.a(_udivdi3.o)
 .data          0x0c103bd8        0x0 c:/software/electronica/arm/eclipsearm/sourcery-g++-lite-arm-2011.03/bin/../lib/gcc/arm-none-eabi/4.5.2\libgcc.a(_clzsi2.o)

.bss            0x0c103bd8        0x8
 *(.bss)
 .bss           0x0c103bd8        0x0 ./lab6.o
 .bss           0x0c103bd8        0x0 ../../BSP/Debug\libBSP.a(keypad.o)
 .bss           0x0c103bd8        0x0 ../../BSP/Debug\libBSP.a(pbs.o)
 .bss           0x0c103bd8        0x0 ../../BSP/Debug\libBSP.a(system.o)
 .bss           0x0c103bd8        0x8 ../../BSP/Debug\libBSP.a(timers.o)
 .bss           0x0c103be0        0x0 ../../BSP/Debug\libBSP.a(uart.o)
 .bss           0x0c103be0        0x0 c:/software/electronica/arm/eclipsearm/sourcery-g++-lite-arm-2011.03/bin/../lib/gcc/arm-none-eabi/4.5.2\libgcc.a(_udivsi3.o)
 .bss           0x0c103be0        0x0 c:/software/electronica/arm/eclipsearm/sourcery-g++-lite-arm-2011.03/bin/../lib/gcc/arm-none-eabi/4.5.2\libgcc.a(_dvmd_tls.o)
 .bss           0x0c103be0        0x0 c:/software/electronica/arm/eclipsearm/sourcery-g++-lite-arm-2011.03/bin/../lib/gcc/arm-none-eabi/4.5.2\libgcc.a(_aeabi_uldivmod.o)
 .bss           0x0c103be0        0x0 c:/software/electronica/arm/eclipsearm/sourcery-g++-lite-arm-2011.03/bin/../lib/gcc/arm-none-eabi/4.5.2\libgcc.a(bpabi.o)
 .bss           0x0c103be0        0x0 c:/software/electronica/arm/eclipsearm/sourcery-g++-lite-arm-2011.03/bin/../lib/gcc/arm-none-eabi/4.5.2\libgcc.a(_divdi3.o)
 .bss           0x0c103be0        0x0 c:/software/electronica/arm/eclipsearm/sourcery-g++-lite-arm-2011.03/bin/../lib/gcc/arm-none-eabi/4.5.2\libgcc.a(_udivdi3.o)
 .bss           0x0c103be0        0x0 c:/software/electronica/arm/eclipsearm/sourcery-g++-lite-arm-2011.03/bin/../lib/gcc/arm-none-eabi/4.5.2\libgcc.a(_clzsi2.o)
                0x0c103be0                end = .
OUTPUT(lab6.elf elf32-littlearm)

.debug_abbrev   0x00000000      0x49e
 .debug_abbrev  0x00000000       0x89 ./lab6.o
 .debug_abbrev  0x00000089       0xca ../../BSP/Debug\libBSP.a(keypad.o)
 .debug_abbrev  0x00000153       0xd2 ../../BSP/Debug\libBSP.a(pbs.o)
 .debug_abbrev  0x00000225       0x89 ../../BSP/Debug\libBSP.a(system.o)
 .debug_abbrev  0x000002ae       0xfc ../../BSP/Debug\libBSP.a(timers.o)
 .debug_abbrev  0x000003aa       0xf4 ../../BSP/Debug\libBSP.a(uart.o)

.debug_info     0x00000000      0xecc
 .debug_info    0x00000000      0x100 ./lab6.o
 .debug_info    0x00000100      0x253 ../../BSP/Debug\libBSP.a(keypad.o)
 .debug_info    0x00000353      0x240 ../../BSP/Debug\libBSP.a(pbs.o)
 .debug_info    0x00000593      0x38f ../../BSP/Debug\libBSP.a(system.o)
 .debug_info    0x00000922      0x2f9 ../../BSP/Debug\libBSP.a(timers.o)
 .debug_info    0x00000c1b      0x2b1 ../../BSP/Debug\libBSP.a(uart.o)

.debug_line     0x00000000      0xa1c
 .debug_line    0x00000000       0xe5 ./lab6.o
 .debug_line    0x000000e5      0x169 ../../BSP/Debug\libBSP.a(keypad.o)
 .debug_line    0x0000024e      0x146 ../../BSP/Debug\libBSP.a(pbs.o)
 .debug_line    0x00000394      0x1ef ../../BSP/Debug\libBSP.a(system.o)
 .debug_line    0x00000583      0x190 ../../BSP/Debug\libBSP.a(timers.o)
 .debug_line    0x00000713      0x309 ../../BSP/Debug\libBSP.a(uart.o)

.debug_macinfo  0x00000000    0x1dba9
 .debug_macinfo
                0x00000000     0x5524 ./lab6.o
 .debug_macinfo
                0x00005524     0x4e31 ../../BSP/Debug\libBSP.a(keypad.o)
 .debug_macinfo
                0x0000a355     0x4d0b ../../BSP/Debug\libBSP.a(pbs.o)
 .debug_macinfo
                0x0000f060     0x530a ../../BSP/Debug\libBSP.a(system.o)
 .debug_macinfo
                0x0001436a     0x4c91 ../../BSP/Debug\libBSP.a(timers.o)
 .debug_macinfo
                0x00018ffb     0x4bae ../../BSP/Debug\libBSP.a(uart.o)

.debug_loc      0x00000000      0xf20
 .debug_loc     0x00000000       0x84 ./lab6.o
 .debug_loc     0x00000084      0x210 ../../BSP/Debug\libBSP.a(keypad.o)
 .debug_loc     0x00000294      0x210 ../../BSP/Debug\libBSP.a(pbs.o)
 .debug_loc     0x000004a4      0x65c ../../BSP/Debug\libBSP.a(system.o)
 .debug_loc     0x00000b00      0x294 ../../BSP/Debug\libBSP.a(timers.o)
 .debug_loc     0x00000d94      0x18c ../../BSP/Debug\libBSP.a(uart.o)

.debug_pubnames
                0x00000000      0x677
 .debug_pubnames
                0x00000000       0x35 ./lab6.o
 .debug_pubnames
                0x00000035      0x10e ../../BSP/Debug\libBSP.a(keypad.o)
 .debug_pubnames
                0x00000143       0xe1 ../../BSP/Debug\libBSP.a(pbs.o)
 .debug_pubnames
                0x00000224      0x29d ../../BSP/Debug\libBSP.a(system.o)
 .debug_pubnames
                0x000004c1      0x10f ../../BSP/Debug\libBSP.a(timers.o)
 .debug_pubnames
                0x000005d0       0xa7 ../../BSP/Debug\libBSP.a(uart.o)

.debug_pubtypes
                0x00000000      0x140
 .debug_pubtypes
                0x00000000       0x32 ./lab6.o
 .debug_pubtypes
                0x00000032       0x32 ../../BSP/Debug\libBSP.a(keypad.o)
 .debug_pubtypes
                0x00000064       0x32 ../../BSP/Debug\libBSP.a(pbs.o)
 .debug_pubtypes
                0x00000096       0x27 ../../BSP/Debug\libBSP.a(system.o)
 .debug_pubtypes
                0x000000bd       0x3d ../../BSP/Debug\libBSP.a(timers.o)
 .debug_pubtypes
                0x000000fa       0x46 ../../BSP/Debug\libBSP.a(uart.o)

.debug_aranges  0x00000000       0xc0
 .debug_aranges
                0x00000000       0x20 ./lab6.o
 .debug_aranges
                0x00000020       0x20 ../../BSP/Debug\libBSP.a(keypad.o)
 .debug_aranges
                0x00000040       0x20 ../../BSP/Debug\libBSP.a(pbs.o)
 .debug_aranges
                0x00000060       0x20 ../../BSP/Debug\libBSP.a(system.o)
 .debug_aranges
                0x00000080       0x20 ../../BSP/Debug\libBSP.a(timers.o)
 .debug_aranges
                0x000000a0       0x20 ../../BSP/Debug\libBSP.a(uart.o)

.debug_str      0x00000000      0x638
 .debug_str     0x00000000       0xb9 ./lab6.o
                                 0xd7 (size before relaxing)
 .debug_str     0x000000b9       0xfa ../../BSP/Debug\libBSP.a(keypad.o)
                                0x18c (size before relaxing)
 .debug_str     0x000001b3       0xac ../../BSP/Debug\libBSP.a(pbs.o)
                                0x15c (size before relaxing)
 .debug_str     0x0000025f      0x23d ../../BSP/Debug\libBSP.a(system.o)
                                0x2dd (size before relaxing)
 .debug_str     0x0000049c       0xfe ../../BSP/Debug\libBSP.a(timers.o)
                                0x1a5 (size before relaxing)
 .debug_str     0x0000059a       0x9e ../../BSP/Debug\libBSP.a(uart.o)
                                0x14e (size before relaxing)

.comment        0x00000000       0x2a
 .comment       0x00000000       0x2a ./lab6.o
                                 0x2b (size before relaxing)
 .comment       0x00000000       0x2b ../../BSP/Debug\libBSP.a(keypad.o)
 .comment       0x00000000       0x2b ../../BSP/Debug\libBSP.a(pbs.o)
 .comment       0x00000000       0x2b ../../BSP/Debug\libBSP.a(system.o)
 .comment       0x00000000       0x2b ../../BSP/Debug\libBSP.a(timers.o)
 .comment       0x00000000       0x2b ../../BSP/Debug\libBSP.a(uart.o)

.ARM.attributes
                0x00000000       0x32
 .ARM.attributes
                0x00000000       0x32 ./lab6.o
 .ARM.attributes
                0x00000032       0x32 ../../BSP/Debug\libBSP.a(keypad.o)
 .ARM.attributes
                0x00000064       0x32 ../../BSP/Debug\libBSP.a(pbs.o)
 .ARM.attributes
                0x00000096       0x32 ../../BSP/Debug\libBSP.a(system.o)
 .ARM.attributes
                0x000000c8       0x32 ../../BSP/Debug\libBSP.a(timers.o)
 .ARM.attributes
                0x000000fa       0x32 ../../BSP/Debug\libBSP.a(uart.o)
 .ARM.attributes
                0x0000012c       0x1a c:/software/electronica/arm/eclipsearm/sourcery-g++-lite-arm-2011.03/bin/../lib/gcc/arm-none-eabi/4.5.2\libgcc.a(_udivsi3.o)
 .ARM.attributes
                0x00000146       0x18 c:/software/electronica/arm/eclipsearm/sourcery-g++-lite-arm-2011.03/bin/../lib/gcc/arm-none-eabi/4.5.2\libgcc.a(_dvmd_tls.o)
 .ARM.attributes
                0x0000015e       0x1a c:/software/electronica/arm/eclipsearm/sourcery-g++-lite-arm-2011.03/bin/../lib/gcc/arm-none-eabi/4.5.2\libgcc.a(_aeabi_uldivmod.o)
 .ARM.attributes
                0x00000178       0x34 c:/software/electronica/arm/eclipsearm/sourcery-g++-lite-arm-2011.03/bin/../lib/gcc/arm-none-eabi/4.5.2\libgcc.a(bpabi.o)
 .ARM.attributes
                0x000001ac       0x34 c:/software/electronica/arm/eclipsearm/sourcery-g++-lite-arm-2011.03/bin/../lib/gcc/arm-none-eabi/4.5.2\libgcc.a(_divdi3.o)
 .ARM.attributes
                0x000001e0       0x34 c:/software/electronica/arm/eclipsearm/sourcery-g++-lite-arm-2011.03/bin/../lib/gcc/arm-none-eabi/4.5.2\libgcc.a(_udivdi3.o)
 .ARM.attributes
                0x00000214       0x1a c:/software/electronica/arm/eclipsearm/sourcery-g++-lite-arm-2011.03/bin/../lib/gcc/arm-none-eabi/4.5.2\libgcc.a(_clzsi2.o)

.debug_frame    0x00000000      0xde8
 .debug_frame   0x00000000       0x88 ./lab6.o
 .debug_frame   0x00000088      0x190 ../../BSP/Debug\libBSP.a(keypad.o)
 .debug_frame   0x00000218      0x190 ../../BSP/Debug\libBSP.a(pbs.o)
 .debug_frame   0x000003a8      0x630 ../../BSP/Debug\libBSP.a(system.o)
 .debug_frame   0x000009d8      0x1f8 ../../BSP/Debug\libBSP.a(timers.o)
 .debug_frame   0x00000bd0      0x130 ../../BSP/Debug\libBSP.a(uart.o)
 .debug_frame   0x00000d00       0x20 c:/software/electronica/arm/eclipsearm/sourcery-g++-lite-arm-2011.03/bin/../lib/gcc/arm-none-eabi/4.5.2\libgcc.a(_udivsi3.o)
 .debug_frame   0x00000d20       0x50 c:/software/electronica/arm/eclipsearm/sourcery-g++-lite-arm-2011.03/bin/../lib/gcc/arm-none-eabi/4.5.2\libgcc.a(bpabi.o)
 .debug_frame   0x00000d70       0x3c c:/software/electronica/arm/eclipsearm/sourcery-g++-lite-arm-2011.03/bin/../lib/gcc/arm-none-eabi/4.5.2\libgcc.a(_divdi3.o)
 .debug_frame   0x00000dac       0x3c c:/software/electronica/arm/eclipsearm/sourcery-g++-lite-arm-2011.03/bin/../lib/gcc/arm-none-eabi/4.5.2\libgcc.a(_udivdi3.o)
